###############################################################################
#
# IAR ELF Linker V9.10.1.308/W64 for ARM                  07/Dec/2023  17:56:31
# Copyright 2007-2021 IAR Systems AB.
#
#    Output file  =
#        D:\ASU\4-Senior1\Fall 23\CSE211 Introduction to Embedded
#        Systems\Project\Code\Debug\Exe\code.out
#    Map file     =
#        D:\ASU\4-Senior1\Fall 23\CSE211 Introduction to Embedded
#        Systems\Project\Code\Debug\List\code.map
#    Command line =
#        -f "D:\ASU\4-Senior1\Fall 23\CSE211 Introduction to Embedded
#        Systems\Project\Code\Debug\Exe\code.out.rsp" ("D:\ASU\4-Senior1\Fall
#        23\CSE211 Introduction to Embedded
#        Systems\Project\Code\Debug\Obj\MCAL\GPIO\gpio.o"
#        "D:\ASU\4-Senior1\Fall 23\CSE211 Introduction to Embedded
#        Systems\Project\Code\Debug\Obj\main.o" "D:\ASU\4-Senior1\Fall
#        23\CSE211 Introduction to Embedded
#        Systems\Project\Code\Debug\Obj\INC\startup_ewarm.o"
#        "D:\ASU\4-Senior1\Fall 23\CSE211 Introduction to Embedded
#        Systems\Project\Code\Debug\Obj\MCAL\SYSTICK\sysTick.o"
#        "D:\ASU\4-Senior1\Fall 23\CSE211 Introduction to Embedded
#        Systems\Project\Code\Debug\Obj\MCAL\TIMER\timer.o" --no_out_extension
#        -o "D:\ASU\4-Senior1\Fall 23\CSE211 Introduction to Embedded
#        Systems\Project\Code\Debug\Exe\code.out" --redirect
#        _Printf=_PrintfFullNoMb --redirect _Scanf=_ScanfFullNoMb --map
#        "D:\ASU\4-Senior1\Fall 23\CSE211 Introduction to Embedded
#        Systems\Project\Code\Debug\List\code.map" --config
#        "D:\ASU\4-Senior1\Fall 23\CSE211 Introduction to Embedded
#        Systems\IAR_Systems\arm\config\linker\TexasInstruments\TM4C123GH6.icf"
#        --semihosting --entry __iar_program_start --vfe --text_out locale)
#
###############################################################################

*******************************************************************************
*** RUNTIME MODEL ATTRIBUTES
***

CppFlavor       = *
__SystemLibrary = DLib
__dlib_version  = 6


*******************************************************************************
*** HEAP SELECTION
***

The basic heap was selected because no calls to memory allocation
functions were found in the application outside of system library
functions, and there are calls to deallocation functions in the
application.


*******************************************************************************
*** PLACEMENT SUMMARY
***

"A0":  place at address 0x0 { ro section .intvec };
"P1":  place in [from 0x0 to 0x3'ffff] { ro };
define block CSTACK with size = 4K, alignment = 8 { };
define block HEAP with size = 8K, alignment = 8 { };
"P2":  place in [from 0x2000'0000 to 0x2000'7fff] {
          rw, block CSTACK, block HEAP };
do not initialize { rw section .noinit };

  Section          Kind         Address   Size  Object
  -------          ----         -------   ----  ------
"A0":                                    0x26c
  .intvec          const            0x0  0x26c  startup_ewarm.o [2]
                                - 0x26c  0x26c

"P1":                                    0x462
  .text            ro code        0x26c  0x14e  timer.o [5]
  .text            ro code        0x3bc  0x10e  gpio.o [3]
  .text            ro code        0x4cc   0xec  main.o [1]
  .text            ro code        0x5b8   0x38  zero_init3.o [8]
  .text            ro code        0x5f0   0x28  data_init.o [8]
  .text            ro code        0x618   0x22  fpinit_M.o [7]
  .iar.init_table  const          0x63c   0x10  - Linker created -
  .text            ro code        0x64c   0x1e  cmain.o [8]
  .text            ro code        0x66a    0x4  low_level_init.o [6]
  .text            ro code        0x66e    0x4  exit.o [6]
  .text            ro code        0x674    0xa  cexit.o [8]
  .text            ro code        0x680   0x14  exit.o [9]
  .text            ro code        0x694   0x1c  cstartup_M.o [8]
  .text            ro code        0x6b0   0x10  sysTick.o [4]
  .text            ro code        0x6c0    0xe  startup_ewarm.o [2]
  .rodata          const          0x6ce    0x0  zero_init3.o [8]
                                - 0x6ce  0x462

"P2", part 1 of 2:                         0x4
  .bss             zero     0x2000'0000    0x4  sysTick.o [4]
                          - 0x2000'0004    0x4

"P2", part 2 of 2:                       0x400
  .noinit          uninit   0x2000'0004  0x400  startup_ewarm.o [2]
                          - 0x2000'0404  0x400

Unused ranges:

         From           To      Size
         ----           --      ----
        0x6ce     0x3'ffff  0x3'f932
  0x2000'0404  0x2000'7fff    0x7bfc


*******************************************************************************
*** INIT TABLE
***

          Address      Size
          -------      ----
Zero (__iar_zero_init3)
    1 destination range, total size 0x4:
          0x2000'0000   0x4



*******************************************************************************
*** MODULE SUMMARY
***

    Module            ro code  ro data  rw data
    ------            -------  -------  -------
command line/config:
    -------------------------------------------
    Total:

D:\ASU\4-Senior1\Fall 23\CSE211 Introduction to Embedded Systems\Project\Code\Debug\Obj: [1]
    main.o                236
    -------------------------------------------
    Total:                236

D:\ASU\4-Senior1\Fall 23\CSE211 Introduction to Embedded Systems\Project\Code\Debug\Obj\INC: [2]
    startup_ewarm.o        14      620    1'024
    -------------------------------------------
    Total:                 14      620    1'024

D:\ASU\4-Senior1\Fall 23\CSE211 Introduction to Embedded Systems\Project\Code\Debug\Obj\MCAL\GPIO: [3]
    gpio.o                270
    -------------------------------------------
    Total:                270

D:\ASU\4-Senior1\Fall 23\CSE211 Introduction to Embedded Systems\Project\Code\Debug\Obj\MCAL\SYSTICK: [4]
    sysTick.o              16                 4
    -------------------------------------------
    Total:                 16                 4

D:\ASU\4-Senior1\Fall 23\CSE211 Introduction to Embedded Systems\Project\Code\Debug\Obj\MCAL\TIMER: [5]
    timer.o               334
    -------------------------------------------
    Total:                334

dl7M_tln.a: [6]
    exit.o                  4
    low_level_init.o        4
    -------------------------------------------
    Total:                  8

m7M_tls.a: [7]
    fpinit_M.o             34
    -------------------------------------------
    Total:                 34

rt7M_tl.a: [8]
    cexit.o                10
    cmain.o                30
    cstartup_M.o           28
    data_init.o            40
    zero_init3.o           56
    -------------------------------------------
    Total:                164

shb_l.a: [9]
    exit.o                 20
    -------------------------------------------
    Total:                 20

    Gaps                    8        2
    Linker created                  16
-----------------------------------------------
    Grand Total:        1'104      638    1'028


*******************************************************************************
*** ENTRY LIST
***

Entry                       Address   Size  Type      Object
-----                       -------   ----  ----      ------
.iar.init_table$$Base         0x63c          --   Gb  - Linker created -
.iar.init_table$$Limit        0x64c          --   Gb  - Linker created -
?main                         0x64d         Code  Gb  cmain.o [8]
FaultISR                      0x6cb    0x2  Code  Lc  startup_ewarm.o [2]
IntDefaultHandler             0x6cd    0x2  Code  Lc  startup_ewarm.o [2]
MCAL_GPIO_Init                0x3bd   0x1c  Code  Gb  gpio.o [3]
MCAL_GPIO_Pin_Init            0x3d9   0xb4  Code  Gb  gpio.o [3]
MCAL_GPIO_TogglePin           0x4bd    0xe  Code  Gb  gpio.o [3]
MCAL_GPIO_WritePin            0x499   0x24  Code  Gb  gpio.o [3]
MCAL_TIMER_DelayMs_P          0x34d   0x6e  Code  Gb  timer.o [5]
MCAL_TIMER_Disable            0x26d   0x22  Code  Gb  timer.o [5]
MCAL_TIMER_Enable             0x28f   0x22  Code  Gb  timer.o [5]
MCAL_TIMER_Init               0x2b1   0x8a  Code  Gb  timer.o [5]
NmiSR                         0x6c9    0x2  Code  Lc  startup_ewarm.o [2]
Region$$Table$$Base           0x63c          --   Gb  - Linker created -
Region$$Table$$Limit          0x64c          --   Gb  - Linker created -
ResetISR                      0x6c1    0x8  Code  Gb  startup_ewarm.o [2]
SysTick_Handler               0x6b1    0xa  Code  Gb  sysTick.o [4]
__cmain                       0x64d         Code  Gb  cmain.o [8]
__exit                        0x681   0x14  Code  Gb  exit.o [9]
__iar_data_init3              0x5f1   0x28  Code  Gb  data_init.o [8]
__iar_init_vfp                0x619         Code  Gb  fpinit_M.o [7]
__iar_program_start           0x695         Code  Gb  cstartup_M.o [8]
__iar_zero_init3              0x5b9   0x38  Code  Gb  zero_init3.o [8]
__low_level_init              0x66b    0x4  Code  Gb  low_level_init.o [6]
__vector_table                  0x0  0x26c  Data  Gb  startup_ewarm.o [2]
_call_main                    0x659         Code  Gb  cmain.o [8]
_exit                         0x675         Code  Gb  cexit.o [8]
calbackFunction         0x2000'0000    0x4  Data  Gb  sysTick.o [4]
exit                          0x66f    0x4  Code  Gb  exit.o [6]
init                          0x51f   0x70  Code  Gb  main.o [1]
main                          0x4cd   0x52  Code  Gb  main.o [1]
pui32Stack              0x2000'0004  0x400  Data  Lc  startup_ewarm.o [2]
turnOffAll                    0x58f   0x22  Code  Gb  main.o [1]


[1] = D:\ASU\4-Senior1\Fall 23\CSE211 Introduction to Embedded Systems\Project\Code\Debug\Obj
[2] = D:\ASU\4-Senior1\Fall 23\CSE211 Introduction to Embedded Systems\Project\Code\Debug\Obj\INC
[3] = D:\ASU\4-Senior1\Fall 23\CSE211 Introduction to Embedded Systems\Project\Code\Debug\Obj\MCAL\GPIO
[4] = D:\ASU\4-Senior1\Fall 23\CSE211 Introduction to Embedded Systems\Project\Code\Debug\Obj\MCAL\SYSTICK
[5] = D:\ASU\4-Senior1\Fall 23\CSE211 Introduction to Embedded Systems\Project\Code\Debug\Obj\MCAL\TIMER
[6] = dl7M_tln.a
[7] = m7M_tls.a
[8] = rt7M_tl.a
[9] = shb_l.a

  1'104 bytes of readonly  code memory
    638 bytes of readonly  data memory
  1'028 bytes of readwrite data memory

Errors: none
Warnings: none
