###############################################################################
#
# IAR ELF Linker V9.10.1.308/W64 for ARM                  17/Dec/2023  23:37:12
# Copyright 2007-2021 IAR Systems AB.
#
#    Output file  =
#        D:\ASU\4-Senior1\Fall 23\CSE211 Introduction to Embedded
#        Systems\Project\Code\Debug\Exe\code.out
#    Map file     =
#        D:\ASU\4-Senior1\Fall 23\CSE211 Introduction to Embedded
#        Systems\Project\Code\Debug\List\code.map
#    Command line =
#        -f "D:\ASU\4-Senior1\Fall 23\CSE211 Introduction to Embedded
#        Systems\Project\Code\Debug\Exe\code.out.rsp" ("D:\ASU\4-Senior1\Fall
#        23\CSE211 Introduction to Embedded
#        Systems\Project\Code\Debug\Obj\APPLICATION\application.o"
#        "D:\ASU\4-Senior1\Fall 23\CSE211 Introduction to Embedded
#        Systems\Project\Code\Debug\Obj\HAL\BLUETOOTH\bluetooth.o"
#        "D:\ASU\4-Senior1\Fall 23\CSE211 Introduction to Embedded
#        Systems\Project\Code\Debug\Obj\HAL\BUTTON\button.o"
#        "D:\ASU\4-Senior1\Fall 23\CSE211 Introduction to Embedded
#        Systems\Project\Code\Debug\Obj\MCAL\GPIO\gpio.o"
#        "D:\ASU\4-Senior1\Fall 23\CSE211 Introduction to Embedded
#        Systems\Project\Code\Debug\Obj\HAL\LI-FI\li-fi.o"
#        "D:\ASU\4-Senior1\Fall 23\CSE211 Introduction to Embedded
#        Systems\Project\Code\Debug\Obj\HAL\MAGNETIC_SENSOR\magnetic_sensor.o"
#        "D:\ASU\4-Senior1\Fall 23\CSE211 Introduction to Embedded
#        Systems\Project\Code\Debug\Obj\main.o" "D:\ASU\4-Senior1\Fall
#        23\CSE211 Introduction to Embedded
#        Systems\Project\Code\Debug\Obj\HAL\SMOKE_SENSOR\smoke_sensor.o"
#        "D:\ASU\4-Senior1\Fall 23\CSE211 Introduction to Embedded
#        Systems\Project\Code\Debug\Obj\INC\startup_ewarm.o"
#        "D:\ASU\4-Senior1\Fall 23\CSE211 Introduction to Embedded
#        Systems\Project\Code\Debug\Obj\MCAL\SYSTICK\sysTick.o"
#        "D:\ASU\4-Senior1\Fall 23\CSE211 Introduction to Embedded
#        Systems\Project\Code\Debug\Obj\MCAL\TIMER\timer.o"
#        "D:\ASU\4-Senior1\Fall 23\CSE211 Introduction to Embedded
#        Systems\Project\Code\Debug\Obj\MCAL\UART\uart.o"
#        "D:\ASU\4-Senior1\Fall 23\CSE211 Introduction to Embedded
#        Systems\Project\Code\Debug\Obj\HAL\ULTRASONIC_SENSOR\ultrasonic_sensor.o"
#        --no_out_extension -o "D:\ASU\4-Senior1\Fall 23\CSE211 Introduction to
#        Embedded Systems\Project\Code\Debug\Exe\code.out" --redirect
#        _Printf=_PrintfFullNoMb --redirect _Scanf=_ScanfFullNoMb --map
#        "D:\ASU\4-Senior1\Fall 23\CSE211 Introduction to Embedded
#        Systems\Project\Code\Debug\List\code.map" --config
#        "D:\ASU\4-Senior1\Fall 23\CSE211 Introduction to Embedded
#        Systems\IAR_Systems\arm\config\linker\TexasInstruments\TM4C123GH6.icf"
#        --semihosting "D:\ASU\4-Senior1\Fall 23\CSE211 Introduction to
#        Embedded Systems\Tivaware\driverlib\ewarm\Exe\driverlib.a" --entry
#        __iar_program_start --vfe --text_out locale)
#
###############################################################################

*******************************************************************************
*** MESSAGES
***

Warning[Lt009]: Inconsistent wchar_t size
            gpio.o(driverlib.a) and 3 other objects in driverlib.a have wchar_t
                      size 16 bits
            application.o and 25 other objects, some of them in dl7M_tln.a and
                      11 other libraries have wchar_t size 32 bits


*******************************************************************************
*** RUNTIME MODEL ATTRIBUTES
***

CppFlavor       = *
__SystemLibrary = DLib
__dlib_version  = 6


*******************************************************************************
*** HEAP SELECTION
***

The basic heap was selected because no calls to memory allocation
functions were found in the application outside of system library
functions, and there are calls to deallocation functions in the
application.


*******************************************************************************
*** PLACEMENT SUMMARY
***

"A0":  place at address 0x0 { ro section .intvec };
"P1":  place in [from 0x0 to 0x3'ffff] { ro };
define block CSTACK with size = 4K, alignment = 8 { };
define block HEAP with size = 8K, alignment = 8 { };
"P2":  place in [from 0x2000'0000 to 0x2000'7fff] {
          rw, block CSTACK, block HEAP };
do not initialize { rw section .noinit };

  Section          Kind         Address   Size  Object
  -------          ----         -------   ----  ------
"A0":                                    0x26c
  .intvec          const            0x0  0x26c  startup_ewarm.o [9]
                                - 0x26c  0x26c

"P1":                                    0x8fa
  .text            ro code        0x26c  0x3e8  gpio.o [10]
  .text            ro code        0x654   0x5a  gpio.o [15]
  .text            ro code        0x6b0   0xb0  interrupt.o [15]
  .text            ro code        0x760    0x8  cpu.o [15]
  .text            ro code        0x768  0x188  timer.o [12]
  .text            ro code        0x8f0   0xd8  main.o [1]
  .text            ro code        0x9c8   0x88  button.o [4]
  .text            ro code        0xa50   0x38  zero_init3.o [17]
  .text            ro code        0xa88   0x28  data_init.o [17]
  .text            ro code        0xab0   0x22  fpinit_M.o [16]
  .iar.init_table  const          0xad4   0x10  - Linker created -
  .text            ro code        0xae4   0x1e  cmain.o [17]
  .text            ro code        0xb02    0x4  low_level_init.o [14]
  .text            ro code        0xb06    0x4  exit.o [14]
  .text            ro code        0xb0c    0xa  cexit.o [17]
  .text            ro code        0xb18   0x14  exit.o [18]
  .text            ro code        0xb2c   0x1c  cstartup_M.o [17]
  .text            ro code        0xb48   0x10  sysTick.o [11]
  .text            ro code        0xb58    0xe  startup_ewarm.o [9]
  .rodata          const          0xb66    0x0  zero_init3.o [17]
                                - 0xb66  0x8fa

"P2", part 1 of 2:                       0x28c
  VTABLE           zero     0x2000'0000  0x26c  interrupt.o [15]
  .bss             zero     0x2000'026c   0x18  gpio.o [10]
  .bss             zero     0x2000'0284    0x4  sysTick.o [11]
  .bss             zero     0x2000'0288    0x4  timer.o [12]
                          - 0x2000'028c  0x28c

"P2", part 2 of 2:                       0x400
  .noinit          uninit   0x2000'028c  0x400  startup_ewarm.o [9]
                          - 0x2000'068c  0x400

Unused ranges:

         From           To      Size
         ----           --      ----
        0xb66     0x3'ffff  0x3'f49a
  0x2000'068c  0x2000'7fff    0x7974


*******************************************************************************
*** INIT TABLE
***

          Address      Size
          -------      ----
Zero (__iar_zero_init3)
    1 destination range, total size 0x28c:
          0x2000'0000  0x28c



*******************************************************************************
*** MODULE SUMMARY
***

    Module            ro code  ro data  rw data
    ------            -------  -------  -------
command line/config:
    -------------------------------------------
    Total:

D:\ASU\4-Senior1\Fall 23\CSE211 Introduction to Embedded Systems\Project\Code\Debug\Obj: [1]
    main.o                216
    -------------------------------------------
    Total:                216

D:\ASU\4-Senior1\Fall 23\CSE211 Introduction to Embedded Systems\Project\Code\Debug\Obj\APPLICATION: [2]
    -------------------------------------------
    Total:

D:\ASU\4-Senior1\Fall 23\CSE211 Introduction to Embedded Systems\Project\Code\Debug\Obj\HAL\BLUETOOTH: [3]
    -------------------------------------------
    Total:

D:\ASU\4-Senior1\Fall 23\CSE211 Introduction to Embedded Systems\Project\Code\Debug\Obj\HAL\BUTTON: [4]
    button.o              136
    -------------------------------------------
    Total:                136

D:\ASU\4-Senior1\Fall 23\CSE211 Introduction to Embedded Systems\Project\Code\Debug\Obj\HAL\LI-FI: [5]
    -------------------------------------------
    Total:

D:\ASU\4-Senior1\Fall 23\CSE211 Introduction to Embedded Systems\Project\Code\Debug\Obj\HAL\MAGNETIC_SENSOR: [6]
    -------------------------------------------
    Total:

D:\ASU\4-Senior1\Fall 23\CSE211 Introduction to Embedded Systems\Project\Code\Debug\Obj\HAL\SMOKE_SENSOR: [7]
    -------------------------------------------
    Total:

D:\ASU\4-Senior1\Fall 23\CSE211 Introduction to Embedded Systems\Project\Code\Debug\Obj\HAL\ULTRASONIC_SENSOR: [8]
    -------------------------------------------
    Total:

D:\ASU\4-Senior1\Fall 23\CSE211 Introduction to Embedded Systems\Project\Code\Debug\Obj\INC: [9]
    startup_ewarm.o        14      620    1'024
    -------------------------------------------
    Total:                 14      620    1'024

D:\ASU\4-Senior1\Fall 23\CSE211 Introduction to Embedded Systems\Project\Code\Debug\Obj\MCAL\GPIO: [10]
    gpio.o              1'000                24
    -------------------------------------------
    Total:              1'000                24

D:\ASU\4-Senior1\Fall 23\CSE211 Introduction to Embedded Systems\Project\Code\Debug\Obj\MCAL\SYSTICK: [11]
    sysTick.o              16                 4
    -------------------------------------------
    Total:                 16                 4

D:\ASU\4-Senior1\Fall 23\CSE211 Introduction to Embedded Systems\Project\Code\Debug\Obj\MCAL\TIMER: [12]
    timer.o               392                 4
    -------------------------------------------
    Total:                392                 4

D:\ASU\4-Senior1\Fall 23\CSE211 Introduction to Embedded Systems\Project\Code\Debug\Obj\MCAL\UART: [13]
    -------------------------------------------
    Total:

dl7M_tln.a: [14]
    exit.o                  4
    low_level_init.o        4
    -------------------------------------------
    Total:                  8

driverlib.a: [15]
    cpu.o                   8
    gpio.o                 90
    interrupt.o           176               620
    -------------------------------------------
    Total:                274               620

m7M_tls.a: [16]
    fpinit_M.o             34
    -------------------------------------------
    Total:                 34

rt7M_tl.a: [17]
    cexit.o                10
    cmain.o                30
    cstartup_M.o           28
    data_init.o            40
    zero_init3.o           56
    -------------------------------------------
    Total:                164

shb_l.a: [18]
    exit.o                 20
    -------------------------------------------
    Total:                 20

    Gaps                    6        2
    Linker created                  16
-----------------------------------------------
    Grand Total:        2'280      638    1'676


*******************************************************************************
*** ENTRY LIST
***

Entry                       Address   Size  Type      Object
-----                       -------   ----  ----      ------
.iar.init_table$$Base         0xad4          --   Gb  - Linker created -
.iar.init_table$$Limit        0xae4          --   Gb  - Linker created -
?main                         0xae5         Code  Gb  cmain.o [17]
CPUcpsie                      0x761    0x8  Code  Gb  cpu.o [15]
FaultISR                      0xb63    0x2  Code  Lc  startup_ewarm.o [9]
GPIOA_IntHandler              0x5f5    0xa  Code  Gb  gpio.o [10]
GPIOB_IntHandler              0x601    0xa  Code  Gb  gpio.o [10]
GPIOC_IntHandler              0x60d    0xa  Code  Gb  gpio.o [10]
GPIOD_IntHandler              0x619    0xa  Code  Gb  gpio.o [10]
GPIOE_IntHandler              0x625    0xa  Code  Gb  gpio.o [10]
GPIOF_IntHandler              0x631    0xa  Code  Gb  gpio.o [10]
GPIOIntEnable                 0x6a1    0x6  Code  Gb  gpio.o [15]
GPIOIntTypeSet                0x655   0x4c  Code  Gb  gpio.o [15]
HAL_Button_Init               0x9c9   0x48  Code  Gb  button.o [4]
HAL_Button_Read               0xa11   0x3a  Code  Gb  button.o [4]
IntDefaultHandler             0xb65    0x2  Code  Lc  startup_ewarm.o [9]
IntEnable                     0x6e7   0x56  Code  Gb  interrupt.o [15]
IntMasterEnable               0x6b1    0x8  Code  Gb  interrupt.o [15]
IntRegister                   0x6c1   0x26  Code  Gb  interrupt.o [15]
MCAL_GPIO_Init                0x26d   0x22  Code  Gb  gpio.o [10]
MCAL_GPIO_Pin_Init            0x28f  0x320  Code  Gb  gpio.o [10]
MCAL_GPIO_ReadPin             0x5e1   0x14  Code  Gb  gpio.o [10]
MCAL_GPIO_TogglePin           0x5d3    0xe  Code  Gb  gpio.o [10]
MCAL_GPIO_WritePin            0x5af   0x24  Code  Gb  gpio.o [10]
MCAL_TIMER_Disable            0x769   0x22  Code  Gb  timer.o [12]
MCAL_TIMER_Enable             0x78b   0x22  Code  Gb  timer.o [12]
MCAL_TIMER_Init               0x7ad  0x114  Code  Gb  timer.o [12]
NmiSR                         0xb61    0x2  Code  Lc  startup_ewarm.o [9]
Region$$Table$$Base           0xad4          --   Gb  - Linker created -
Region$$Table$$Limit          0xae4          --   Gb  - Linker created -
ResetISR                      0xb59    0x8  Code  Gb  startup_ewarm.o [9]
SysTick_Handler               0xb49    0xa  Code  Gb  sysTick.o [11]
TIMER0A_Handler               0x8c1   0x16  Code  Gb  timer.o [12]
__cmain                       0xae5         Code  Gb  cmain.o [17]
__exit                        0xb19   0x14  Code  Gb  exit.o [18]
__iar_data_init3              0xa89   0x28  Code  Gb  data_init.o [17]
__iar_init_vfp                0xab1         Code  Gb  fpinit_M.o [16]
__iar_program_start           0xb2d         Code  Gb  cstartup_M.o [17]
__iar_zero_init3              0xa51   0x38  Code  Gb  zero_init3.o [17]
__low_level_init              0xb03    0x4  Code  Gb  low_level_init.o [14]
__vector_table                  0x0  0x26c  Data  Gb  startup_ewarm.o [9]
_call_main                    0xaf1         Code  Gb  cmain.o [17]
_exit                         0xb0d         Code  Gb  cexit.o [17]
calbackFunction         0x2000'0284    0x4  Data  Gb  sysTick.o [11]
callBackFuncs           0x2000'026c   0x18  Data  Gb  gpio.o [10]
callbackFunc            0x2000'0288    0x4  Data  Gb  timer.o [12]
exit                          0xb07    0x4  Code  Gb  exit.o [14]
g_pfnRAMVectors         0x2000'0000  0x26c  Data  Lc  interrupt.o [15]
g_pui32EnRegs                 0x74c   0x14  Data  Lc  interrupt.o [15]
init                          0x94d   0x50  Code  Gb  main.o [1]
main                          0x8f1   0x5c  Code  Gb  main.o [1]
pui32Stack              0x2000'028c  0x400  Data  Lc  startup_ewarm.o [9]
turnOffAll                    0x99d   0x22  Code  Gb  main.o [1]


[1] = D:\ASU\4-Senior1\Fall 23\CSE211 Introduction to Embedded Systems\Project\Code\Debug\Obj
[2] = D:\ASU\4-Senior1\Fall 23\CSE211 Introduction to Embedded Systems\Project\Code\Debug\Obj\APPLICATION
[3] = D:\ASU\4-Senior1\Fall 23\CSE211 Introduction to Embedded Systems\Project\Code\Debug\Obj\HAL\BLUETOOTH
[4] = D:\ASU\4-Senior1\Fall 23\CSE211 Introduction to Embedded Systems\Project\Code\Debug\Obj\HAL\BUTTON
[5] = D:\ASU\4-Senior1\Fall 23\CSE211 Introduction to Embedded Systems\Project\Code\Debug\Obj\HAL\LI-FI
[6] = D:\ASU\4-Senior1\Fall 23\CSE211 Introduction to Embedded Systems\Project\Code\Debug\Obj\HAL\MAGNETIC_SENSOR
[7] = D:\ASU\4-Senior1\Fall 23\CSE211 Introduction to Embedded Systems\Project\Code\Debug\Obj\HAL\SMOKE_SENSOR
[8] = D:\ASU\4-Senior1\Fall 23\CSE211 Introduction to Embedded Systems\Project\Code\Debug\Obj\HAL\ULTRASONIC_SENSOR
[9] = D:\ASU\4-Senior1\Fall 23\CSE211 Introduction to Embedded Systems\Project\Code\Debug\Obj\INC
[10] = D:\ASU\4-Senior1\Fall 23\CSE211 Introduction to Embedded Systems\Project\Code\Debug\Obj\MCAL\GPIO
[11] = D:\ASU\4-Senior1\Fall 23\CSE211 Introduction to Embedded Systems\Project\Code\Debug\Obj\MCAL\SYSTICK
[12] = D:\ASU\4-Senior1\Fall 23\CSE211 Introduction to Embedded Systems\Project\Code\Debug\Obj\MCAL\TIMER
[13] = D:\ASU\4-Senior1\Fall 23\CSE211 Introduction to Embedded Systems\Project\Code\Debug\Obj\MCAL\UART
[14] = dl7M_tln.a
[15] = driverlib.a
[16] = m7M_tls.a
[17] = rt7M_tl.a
[18] = shb_l.a

  2'280 bytes of readonly  code memory
    638 bytes of readonly  data memory
  1'676 bytes of readwrite data memory

Errors: none
Warnings: 1
