###############################################################################
#
# IAR ELF Linker V9.10.1.308/W64 for ARM                  12/Dec/2023  20:19:48
# Copyright 2007-2021 IAR Systems AB.
#
#    Output file  =
#        D:\ASU\4-Senior1\Fall 23\CSE211 Introduction to Embedded
#        Systems\Project\Code\Debug\Exe\code.out
#    Map file     =
#        D:\ASU\4-Senior1\Fall 23\CSE211 Introduction to Embedded
#        Systems\Project\Code\Debug\List\code.map
#    Command line =
#        -f "D:\ASU\4-Senior1\Fall 23\CSE211 Introduction to Embedded
#        Systems\Project\Code\Debug\Exe\code.out.rsp" ("D:\ASU\4-Senior1\Fall
#        23\CSE211 Introduction to Embedded
#        Systems\Project\Code\Debug\Obj\MCAL\GPIO\gpio.o"
#        "D:\ASU\4-Senior1\Fall 23\CSE211 Introduction to Embedded
#        Systems\Project\Code\Debug\Obj\main.o" "D:\ASU\4-Senior1\Fall
#        23\CSE211 Introduction to Embedded
#        Systems\Project\Code\Debug\Obj\HAL\SMOKE_SENSOR\smoke_sensor.o"
#        "D:\ASU\4-Senior1\Fall 23\CSE211 Introduction to Embedded
#        Systems\Project\Code\Debug\Obj\INC\startup_ewarm.o"
#        "D:\ASU\4-Senior1\Fall 23\CSE211 Introduction to Embedded
#        Systems\Project\Code\Debug\Obj\MCAL\SYSTICK\sysTick.o"
#        "D:\ASU\4-Senior1\Fall 23\CSE211 Introduction to Embedded
#        Systems\Project\Code\Debug\Obj\MCAL\TIMER\timer.o"
#        "D:\ASU\4-Senior1\Fall 23\CSE211 Introduction to Embedded
#        Systems\Project\Code\Debug\Obj\MCAL\UART\uart.o"
#        "D:\ASU\4-Senior1\Fall 23\CSE211 Introduction to Embedded
#        Systems\Project\Code\Debug\Obj\HAL\ULTRASONIC_SENSOR\ultrasonic_sensor.o"
#        --no_out_extension -o "D:\ASU\4-Senior1\Fall 23\CSE211 Introduction to
#        Embedded Systems\Project\Code\Debug\Exe\code.out" --redirect
#        _Printf=_PrintfFullNoMb --redirect _Scanf=_ScanfFullNoMb --map
#        "D:\ASU\4-Senior1\Fall 23\CSE211 Introduction to Embedded
#        Systems\Project\Code\Debug\List\code.map" --config
#        "D:\ASU\4-Senior1\Fall 23\CSE211 Introduction to Embedded
#        Systems\IAR_Systems\arm\config\linker\TexasInstruments\TM4C123GH6.icf"
#        --semihosting "D:\ASU\4-Senior1\Fall 23\CSE211 Introduction to
#        Embedded Systems\Tivaware\driverlib\ewarm\Exe\driverlib.a" --entry
#        __iar_program_start --vfe --text_out locale)
#
###############################################################################

*******************************************************************************
*** MESSAGES
***

Warning[Lt009]: Inconsistent wchar_t size
            interrupt.o(driverlib.a) and 3 other objects in driverlib.a have
                      wchar_t size 16 bits
            gpio.o and 20 other objects, some of them in dl7M_tln.a and 11
                      other libraries have wchar_t size 32 bits


*******************************************************************************
*** RUNTIME MODEL ATTRIBUTES
***

CppFlavor       = *
__SystemLibrary = DLib
__dlib_version  = 6


*******************************************************************************
*** HEAP SELECTION
***

The basic heap was selected because no calls to memory allocation
functions were found in the application outside of system library
functions, and there are calls to deallocation functions in the
application.


*******************************************************************************
*** PLACEMENT SUMMARY
***

"A0":  place at address 0x0 { ro section .intvec };
"P1":  place in [from 0x0 to 0x3'ffff] { ro };
define block CSTACK with size = 4K, alignment = 8 { };
define block HEAP with size = 8K, alignment = 8 { };
"P2":  place in [from 0x2000'0000 to 0x2000'7fff] {
          rw, block CSTACK, block HEAP };
do not initialize { rw section .noinit };

  Section          Kind         Address   Size  Object
  -------          ----         -------   ----  ------
"A0":                                    0x26c
  .intvec          const            0x0  0x26c  startup_ewarm.o [4]
                                - 0x26c  0x26c

"P1":                                    0x62a
  .text            ro code        0x26c  0x1cc  gpio.o [5]
  .text            ro code        0x438  0x160  timer.o [7]
  .text            ro code        0x598   0x84  interrupt.o [10]
  .text            ro code        0x61c    0x8  cpu.o [10]
  .text            ro code        0x624  0x108  main.o [1]
  .text            ro code        0x72c   0x54  smoke_sensor.o [2]
  .text            ro code        0x780   0x38  zero_init3.o [12]
  .text            ro code        0x7b8   0x28  data_init.o [12]
  .text            ro code        0x7e0   0x22  fpinit_M.o [11]
  .iar.init_table  const          0x804   0x10  - Linker created -
  .text            ro code        0x814   0x1e  cmain.o [12]
  .text            ro code        0x832    0x4  low_level_init.o [9]
  .text            ro code        0x836    0x4  exit.o [9]
  .text            ro code        0x83c    0xa  cexit.o [12]
  .text            ro code        0x848   0x14  exit.o [13]
  .text            ro code        0x85c   0x1c  cstartup_M.o [12]
  .text            ro code        0x878   0x10  sysTick.o [6]
  .text            ro code        0x888    0xe  startup_ewarm.o [4]
  .rodata          const          0x896    0x0  zero_init3.o [12]
                                - 0x896  0x62a

"P2", part 1 of 2:                         0x8
  .bss             zero     0x2000'0000    0x4  sysTick.o [6]
  .bss             zero     0x2000'0004    0x4  timer.o [7]
                          - 0x2000'0008    0x8

"P2", part 2 of 2:                       0x400
  .noinit          uninit   0x2000'0008  0x400  startup_ewarm.o [4]
                          - 0x2000'0408  0x400

Unused ranges:

         From           To      Size
         ----           --      ----
        0x896     0x3'ffff  0x3'f76a
  0x2000'0408  0x2000'7fff    0x7bf8


*******************************************************************************
*** INIT TABLE
***

          Address      Size
          -------      ----
Zero (__iar_zero_init3)
    1 destination range, total size 0x8:
          0x2000'0000   0x8



*******************************************************************************
*** MODULE SUMMARY
***

    Module            ro code  ro data  rw data
    ------            -------  -------  -------
command line/config:
    -------------------------------------------
    Total:

D:\ASU\4-Senior1\Fall 23\CSE211 Introduction to Embedded Systems\Project\Code\Debug\Obj: [1]
    main.o                264
    -------------------------------------------
    Total:                264

D:\ASU\4-Senior1\Fall 23\CSE211 Introduction to Embedded Systems\Project\Code\Debug\Obj\HAL\SMOKE_SENSOR: [2]
    smoke_sensor.o         84
    -------------------------------------------
    Total:                 84

D:\ASU\4-Senior1\Fall 23\CSE211 Introduction to Embedded Systems\Project\Code\Debug\Obj\HAL\ULTRASONIC_SENSOR: [3]
    -------------------------------------------
    Total:

D:\ASU\4-Senior1\Fall 23\CSE211 Introduction to Embedded Systems\Project\Code\Debug\Obj\INC: [4]
    startup_ewarm.o        14      620    1'024
    -------------------------------------------
    Total:                 14      620    1'024

D:\ASU\4-Senior1\Fall 23\CSE211 Introduction to Embedded Systems\Project\Code\Debug\Obj\MCAL\GPIO: [5]
    gpio.o                460
    -------------------------------------------
    Total:                460

D:\ASU\4-Senior1\Fall 23\CSE211 Introduction to Embedded Systems\Project\Code\Debug\Obj\MCAL\SYSTICK: [6]
    sysTick.o              16                 4
    -------------------------------------------
    Total:                 16                 4

D:\ASU\4-Senior1\Fall 23\CSE211 Introduction to Embedded Systems\Project\Code\Debug\Obj\MCAL\TIMER: [7]
    timer.o               352                 4
    -------------------------------------------
    Total:                352                 4

D:\ASU\4-Senior1\Fall 23\CSE211 Introduction to Embedded Systems\Project\Code\Debug\Obj\MCAL\UART: [8]
    -------------------------------------------
    Total:

dl7M_tln.a: [9]
    exit.o                  4
    low_level_init.o        4
    -------------------------------------------
    Total:                  8

driverlib.a: [10]
    cpu.o                   8
    interrupt.o           132
    -------------------------------------------
    Total:                140

m7M_tls.a: [11]
    fpinit_M.o             34
    -------------------------------------------
    Total:                 34

rt7M_tl.a: [12]
    cexit.o                10
    cmain.o                30
    cstartup_M.o           28
    data_init.o            40
    zero_init3.o           56
    -------------------------------------------
    Total:                164

shb_l.a: [13]
    exit.o                 20
    -------------------------------------------
    Total:                 20

    Gaps                    4        2
    Linker created                  16
-----------------------------------------------
    Grand Total:        1'560      638    1'032


*******************************************************************************
*** ENTRY LIST
***

Entry                       Address   Size  Type      Object
-----                       -------   ----  ----      ------
.iar.init_table$$Base         0x804          --   Gb  - Linker created -
.iar.init_table$$Limit        0x814          --   Gb  - Linker created -
?main                         0x815         Code  Gb  cmain.o [12]
CPUcpsie                      0x61d    0x8  Code  Gb  cpu.o [10]
FaultISR                      0x893    0x2  Code  Lc  startup_ewarm.o [4]
HAL_SMOKE_SENSOR_Init         0x72d   0x32  Code  Gb  smoke_sensor.o [2]
HAL_SMOKE_SENSOR_Read         0x75f   0x1c  Code  Gb  smoke_sensor.o [2]
IntDefaultHandler             0x895    0x2  Code  Lc  startup_ewarm.o [4]
IntEnable                     0x5a9   0x56  Code  Gb  interrupt.o [10]
IntMasterEnable               0x599    0x8  Code  Gb  interrupt.o [10]
MCAL_GPIO_Init                0x26d   0x1c  Code  Gb  gpio.o [5]
MCAL_GPIO_Pin_Init            0x289  0x16a  Code  Gb  gpio.o [5]
MCAL_GPIO_ReadPin             0x425   0x14  Code  Gb  gpio.o [5]
MCAL_GPIO_WritePin            0x401   0x24  Code  Gb  gpio.o [5]
MCAL_TIMERA_DelayMs_P         0x53f   0x2a  Code  Gb  timer.o [7]
MCAL_TIMER_Disable            0x439   0x22  Code  Gb  timer.o [7]
MCAL_TIMER_Enable             0x45b   0x22  Code  Gb  timer.o [7]
MCAL_TIMER_Init               0x47d   0xc2  Code  Gb  timer.o [7]
NmiSR                         0x891    0x2  Code  Lc  startup_ewarm.o [4]
Region$$Table$$Base           0x804          --   Gb  - Linker created -
Region$$Table$$Limit          0x814          --   Gb  - Linker created -
ResetISR                      0x889    0x8  Code  Gb  startup_ewarm.o [4]
SysTick_Handler               0x879    0xa  Code  Gb  sysTick.o [6]
TIMER0A_Handler               0x569   0x16  Code  Gb  timer.o [7]
__cmain                       0x815         Code  Gb  cmain.o [12]
__exit                        0x849   0x14  Code  Gb  exit.o [13]
__iar_data_init3              0x7b9   0x28  Code  Gb  data_init.o [12]
__iar_init_vfp                0x7e1         Code  Gb  fpinit_M.o [11]
__iar_program_start           0x85d         Code  Gb  cstartup_M.o [12]
__iar_zero_init3              0x781   0x38  Code  Gb  zero_init3.o [12]
__low_level_init              0x833    0x4  Code  Gb  low_level_init.o [9]
__vector_table                  0x0  0x26c  Data  Gb  startup_ewarm.o [4]
_call_main                    0x821         Code  Gb  cmain.o [12]
_exit                         0x83d         Code  Gb  cexit.o [12]
calbackFunction         0x2000'0000    0x4  Data  Gb  sysTick.o [6]
callbackFunc            0x2000'0004    0x4  Data  Gb  timer.o [7]
exit                          0x837    0x4  Code  Gb  exit.o [9]
g_pui32EnRegs                 0x608   0x14  Data  Lc  interrupt.o [10]
init                          0x68b   0x76  Code  Gb  main.o [1]
main                          0x625   0x66  Code  Gb  main.o [1]
pui32Stack              0x2000'0008  0x400  Data  Lc  startup_ewarm.o [4]
turnOffAll                    0x701   0x22  Code  Gb  main.o [1]


[1] = D:\ASU\4-Senior1\Fall 23\CSE211 Introduction to Embedded Systems\Project\Code\Debug\Obj
[2] = D:\ASU\4-Senior1\Fall 23\CSE211 Introduction to Embedded Systems\Project\Code\Debug\Obj\HAL\SMOKE_SENSOR
[3] = D:\ASU\4-Senior1\Fall 23\CSE211 Introduction to Embedded Systems\Project\Code\Debug\Obj\HAL\ULTRASONIC_SENSOR
[4] = D:\ASU\4-Senior1\Fall 23\CSE211 Introduction to Embedded Systems\Project\Code\Debug\Obj\INC
[5] = D:\ASU\4-Senior1\Fall 23\CSE211 Introduction to Embedded Systems\Project\Code\Debug\Obj\MCAL\GPIO
[6] = D:\ASU\4-Senior1\Fall 23\CSE211 Introduction to Embedded Systems\Project\Code\Debug\Obj\MCAL\SYSTICK
[7] = D:\ASU\4-Senior1\Fall 23\CSE211 Introduction to Embedded Systems\Project\Code\Debug\Obj\MCAL\TIMER
[8] = D:\ASU\4-Senior1\Fall 23\CSE211 Introduction to Embedded Systems\Project\Code\Debug\Obj\MCAL\UART
[9] = dl7M_tln.a
[10] = driverlib.a
[11] = m7M_tls.a
[12] = rt7M_tl.a
[13] = shb_l.a

  1'560 bytes of readonly  code memory
    638 bytes of readonly  data memory
  1'032 bytes of readwrite data memory

Errors: none
Warnings: 1
