###############################################################################
#
# IAR ELF Linker V9.10.1.308/W64 for ARM                  03/Dec/2023  20:25:00
# Copyright 2007-2021 IAR Systems AB.
#
#    Output file  =
#        D:\ASU\4-Senior1\Fall 23\CSE211 Introduction to Embedded
#        Systems\Project\Code\Debug\Exe\code.out
#    Map file     =
#        D:\ASU\4-Senior1\Fall 23\CSE211 Introduction to Embedded
#        Systems\Project\Code\Debug\List\code.map
#    Command line =
#        -f "D:\ASU\4-Senior1\Fall 23\CSE211 Introduction to Embedded
#        Systems\Project\Code\Debug\Exe\code.out.rsp" ("D:\ASU\4-Senior1\Fall
#        23\CSE211 Introduction to Embedded
#        Systems\Project\Code\Debug\Obj\MCAL\GPIO\gpio.o"
#        "D:\ASU\4-Senior1\Fall 23\CSE211 Introduction to Embedded
#        Systems\Project\Code\Debug\Obj\main.o" "D:\ASU\4-Senior1\Fall
#        23\CSE211 Introduction to Embedded
#        Systems\Project\Code\Debug\Obj\MCAL\SYSTICK\sysTick.o"
#        --no_out_extension -o "D:\ASU\4-Senior1\Fall 23\CSE211 Introduction to
#        Embedded Systems\Project\Code\Debug\Exe\code.out" --redirect
#        _Printf=_PrintfFullNoMb --redirect _Scanf=_ScanfFullNoMb --map
#        "D:\ASU\4-Senior1\Fall 23\CSE211 Introduction to Embedded
#        Systems\Project\Code\Debug\List\code.map" --config
#        "D:\ASU\4-Senior1\Fall 23\CSE211 Introduction to Embedded
#        Systems\IAR_Systems\arm\config\linker\TexasInstruments\TM4C123GH6.icf"
#        --semihosting --entry __iar_program_start --vfe --text_out locale)
#
###############################################################################

*******************************************************************************
*** RUNTIME MODEL ATTRIBUTES
***

CppFlavor       = *
__SystemLibrary = DLib
__dlib_version  = 6


*******************************************************************************
*** HEAP SELECTION
***

The basic heap was selected because no calls to memory allocation
functions were found in the application outside of system library
functions, and there are calls to deallocation functions in the
application.


*******************************************************************************
*** PLACEMENT SUMMARY
***

"A0":  place at address 0x0 { ro section .intvec };
"P1":  place in [from 0x0 to 0x3'ffff] { ro };
define block CSTACK with size = 4K, alignment = 8 { };
define block HEAP with size = 8K, alignment = 8 { };
"P2":  place in [from 0x2000'0000 to 0x2000'7fff] {
          rw, block CSTACK, block HEAP };

  Section          Kind         Address    Size  Object
  -------          ----         -------    ----  ------
"A0":                                      0x40
  .intvec          ro code          0x0    0x40  vector_table_M.o [6]
                                 - 0x40    0x40

"P1":                                     0x358
  .text            ro code         0x40   0x100  gpio.o [2]
  .text            ro code        0x140    0xd0  main.o [1]
  .text            ro code        0x210    0x8c  sysTick.o [3]
  .text            ro code        0x29c    0x38  zero_init3.o [6]
  .text            ro code        0x2d4    0x28  data_init.o [6]
  .text            ro code        0x2fc    0x22  fpinit_M.o [5]
  .iar.init_table  const          0x320    0x10  - Linker created -
  .text            ro code        0x330     0x2  vectortrap_M.o [6]
  .text            ro code        0x334    0x1e  cmain.o [6]
  .text            ro code        0x352     0x4  low_level_init.o [4]
  .text            ro code        0x356     0x4  exit.o [4]
  .text            ro code        0x35c     0xa  cexit.o [6]
  .text            ro code        0x368    0x14  exit.o [7]
  .text            ro code        0x37c    0x1c  cstartup_M.o [6]
  .rodata          const          0x398     0x0  zero_init3.o [6]
                                - 0x398   0x358

"P2", part 1 of 2:                          0x4
  .bss             zero     0x2000'0000     0x4  sysTick.o [3]
                          - 0x2000'0004     0x4

"P2", part 2 of 2:                       0x1000
  CSTACK                    0x2000'0008  0x1000  <Block>
    CSTACK         uninit   0x2000'0008  0x1000  <Block tail>
                          - 0x2000'1008  0x1000

Unused ranges:

         From           To      Size
         ----           --      ----
        0x398     0x3'ffff  0x3'fc68
  0x2000'0004  0x2000'0007       0x4
  0x2000'1008  0x2000'7fff    0x6ff8


*******************************************************************************
*** INIT TABLE
***

          Address      Size
          -------      ----
Zero (__iar_zero_init3)
    1 destination range, total size 0x4:
          0x2000'0000   0x4



*******************************************************************************
*** MODULE SUMMARY
***

    Module            ro code  ro data  rw data
    ------            -------  -------  -------
command line/config:
    -------------------------------------------
    Total:

D:\ASU\4-Senior1\Fall 23\CSE211 Introduction to Embedded Systems\Project\Code\Debug\Obj: [1]
    main.o                208
    -------------------------------------------
    Total:                208

D:\ASU\4-Senior1\Fall 23\CSE211 Introduction to Embedded Systems\Project\Code\Debug\Obj\MCAL\GPIO: [2]
    gpio.o                256
    -------------------------------------------
    Total:                256

D:\ASU\4-Senior1\Fall 23\CSE211 Introduction to Embedded Systems\Project\Code\Debug\Obj\MCAL\SYSTICK: [3]
    sysTick.o             140                 4
    -------------------------------------------
    Total:                140                 4

dl7M_tln.a: [4]
    exit.o                  4
    low_level_init.o        4
    -------------------------------------------
    Total:                  8

m7M_tls.a: [5]
    fpinit_M.o             34
    -------------------------------------------
    Total:                 34

rt7M_tl.a: [6]
    cexit.o                10
    cmain.o                30
    cstartup_M.o           28
    data_init.o            40
    vector_table_M.o       64
    vectortrap_M.o          2
    zero_init3.o           56
    -------------------------------------------
    Total:                230

shb_l.a: [7]
    exit.o                 20
    -------------------------------------------
    Total:                 20

    Gaps                    6        2
    Linker created                  16    4'096
-----------------------------------------------
    Grand Total:          902       18    4'100


*******************************************************************************
*** ENTRY LIST
***

Entry                       Address  Size  Type      Object
-----                       -------  ----  ----      ------
.iar.init_table$$Base         0x320         --   Gb  - Linker created -
.iar.init_table$$Limit        0x330         --   Gb  - Linker created -
?main                         0x335        Code  Gb  cmain.o [6]
BusFault_Handler              0x331        Code  Wk  vectortrap_M.o [6]
CSTACK$$Base            0x2000'0008         --   Gb  - Linker created -
CSTACK$$Limit           0x2000'1008         --   Gb  - Linker created -
DebugMon_Handler              0x331        Code  Wk  vectortrap_M.o [6]
HardFault_Handler             0x331        Code  Wk  vectortrap_M.o [6]
MCAL_GPIO_Init                 0x41  0x1c  Code  Gb  gpio.o [2]
MCAL_GPIO_Pin_Init             0x5d  0xb4  Code  Gb  gpio.o [2]
MCAL_GPIO_WritePin            0x11d  0x24  Code  Gb  gpio.o [2]
MCAL_SYSTICK_delayMs          0x24d  0x36  Code  Gb  sysTick.o [3]
MCAL_SysTickDisable           0x211   0xe  Code  Gb  sysTick.o [3]
MCAL_SysTickEnable            0x21f   0xe  Code  Gb  sysTick.o [3]
MCAL_SysTickPeriodSet         0x22d   0xa  Code  Gb  sysTick.o [3]
MCAL_SysTickValueGet          0x237   0xa  Code  Gb  sysTick.o [3]
MCAL_SysTick_Is_Time_out
                              0x241   0xc  Code  Gb  sysTick.o [3]
MemManage_Handler             0x331        Code  Wk  vectortrap_M.o [6]
NMI_Handler                   0x331        Code  Wk  vectortrap_M.o [6]
PendSV_Handler                0x331        Code  Wk  vectortrap_M.o [6]
Region$$Table$$Base           0x320         --   Gb  - Linker created -
Region$$Table$$Limit          0x330         --   Gb  - Linker created -
SVC_Handler                   0x331        Code  Wk  vectortrap_M.o [6]
SysTick_Handler               0x283   0xa  Code  Gb  sysTick.o [3]
UsageFault_Handler            0x331        Code  Wk  vectortrap_M.o [6]
__cmain                       0x335        Code  Gb  cmain.o [6]
__exit                        0x369  0x14  Code  Gb  exit.o [7]
__iar_data_init3              0x2d5  0x28  Code  Gb  data_init.o [6]
__iar_init_vfp                0x2fd        Code  Gb  fpinit_M.o [5]
__iar_program_start           0x37d        Code  Gb  cstartup_M.o [6]
__iar_zero_init3              0x29d  0x38  Code  Gb  zero_init3.o [6]
__low_level_init              0x353   0x4  Code  Gb  low_level_init.o [4]
__vector_table                  0x0        Data  Gb  vector_table_M.o [6]
_call_main                    0x341        Code  Gb  cmain.o [6]
_exit                         0x35d        Code  Gb  cexit.o [6]
exit                          0x357   0x4  Code  Gb  exit.o [4]
init                          0x17b  0x70  Code  Gb  main.o [1]
interruptFunc           0x2000'0000   0x4  Data  Gb  sysTick.o [3]
main                          0x141  0x3a  Code  Gb  main.o [1]
turnOffAll                    0x1eb  0x22  Code  Gb  main.o [1]


[1] = D:\ASU\4-Senior1\Fall 23\CSE211 Introduction to Embedded Systems\Project\Code\Debug\Obj
[2] = D:\ASU\4-Senior1\Fall 23\CSE211 Introduction to Embedded Systems\Project\Code\Debug\Obj\MCAL\GPIO
[3] = D:\ASU\4-Senior1\Fall 23\CSE211 Introduction to Embedded Systems\Project\Code\Debug\Obj\MCAL\SYSTICK
[4] = dl7M_tln.a
[5] = m7M_tls.a
[6] = rt7M_tl.a
[7] = shb_l.a

    902 bytes of readonly  code memory
     18 bytes of readonly  data memory
  4'100 bytes of readwrite data memory

Errors: none
Warnings: none
