###############################################################################
#
# IAR ELF Linker V9.10.1.308/W64 for ARM                  10/Dec/2023  20:59:09
# Copyright 2007-2021 IAR Systems AB.
#
#    Output file  =
#        D:\ASU\4-Senior1\Fall 23\CSE211 Introduction to Embedded
#        Systems\Project\Code\Debug\Exe\code.out
#    Map file     =
#        D:\ASU\4-Senior1\Fall 23\CSE211 Introduction to Embedded
#        Systems\Project\Code\Debug\List\code.map
#    Command line =
#        -f "D:\ASU\4-Senior1\Fall 23\CSE211 Introduction to Embedded
#        Systems\Project\Code\Debug\Exe\code.out.rsp" ("D:\ASU\4-Senior1\Fall
#        23\CSE211 Introduction to Embedded
#        Systems\Project\Code\Debug\Obj\MCAL\GPIO\gpio.o"
#        "D:\ASU\4-Senior1\Fall 23\CSE211 Introduction to Embedded
#        Systems\Project\Code\Debug\Obj\main.o" "D:\ASU\4-Senior1\Fall
#        23\CSE211 Introduction to Embedded
#        Systems\Project\Code\Debug\Obj\INC\startup_ewarm.o"
#        "D:\ASU\4-Senior1\Fall 23\CSE211 Introduction to Embedded
#        Systems\Project\Code\Debug\Obj\MCAL\SYSTICK\sysTick.o"
#        "D:\ASU\4-Senior1\Fall 23\CSE211 Introduction to Embedded
#        Systems\Project\Code\Debug\Obj\MCAL\TIMER\timer.o"
#        "D:\ASU\4-Senior1\Fall 23\CSE211 Introduction to Embedded
#        Systems\Project\Code\Debug\Obj\MCAL\UART\uart.o" --no_out_extension -o
#        "D:\ASU\4-Senior1\Fall 23\CSE211 Introduction to Embedded
#        Systems\Project\Code\Debug\Exe\code.out" --redirect
#        _Printf=_PrintfFullNoMb --redirect _Scanf=_ScanfFullNoMb --map
#        "D:\ASU\4-Senior1\Fall 23\CSE211 Introduction to Embedded
#        Systems\Project\Code\Debug\List\code.map" --config
#        "D:\ASU\4-Senior1\Fall 23\CSE211 Introduction to Embedded
#        Systems\IAR_Systems\arm\config\linker\TexasInstruments\TM4C123GH6.icf"
#        --semihosting "D:\ASU\4-Senior1\Fall 23\CSE211 Introduction to
#        Embedded Systems\Tivaware\driverlib\ewarm\Exe\driverlib.a" --entry
#        __iar_program_start --vfe --text_out locale)
#
###############################################################################

*******************************************************************************
*** MESSAGES
***

Warning[Lt009]: Inconsistent wchar_t size
            interrupt.o(driverlib.a) and 3 other objects in driverlib.a have
                      wchar_t size 16 bits
            gpio.o and 18 other objects, some of them in dl7M_tln.a and 11
                      other libraries have wchar_t size 32 bits


*******************************************************************************
*** RUNTIME MODEL ATTRIBUTES
***

CppFlavor       = *
__SystemLibrary = DLib
__dlib_version  = 6


*******************************************************************************
*** HEAP SELECTION
***

The basic heap was selected because no calls to memory allocation
functions were found in the application outside of system library
functions, and there are calls to deallocation functions in the
application.


*******************************************************************************
*** PLACEMENT SUMMARY
***

"A0":  place at address 0x0 { ro section .intvec };
"P1":  place in [from 0x0 to 0x3'ffff] { ro };
define block CSTACK with size = 4K, alignment = 8 { };
define block HEAP with size = 8K, alignment = 8 { };
"P2":  place in [from 0x2000'0000 to 0x2000'7fff] {
          rw, block CSTACK, block HEAP };
do not initialize { rw section .noinit };

  Section          Kind         Address   Size  Object
  -------          ----         -------   ----  ------
"A0":                                    0x26c
  .intvec          const            0x0  0x26c  startup_ewarm.o [2]
                                - 0x26c  0x26c

"P1":                                    0x5ba
  .text            ro code        0x26c  0x1c6  gpio.o [3]
  .text            ro code        0x434  0x158  timer.o [5]
  .text            ro code        0x58c   0x84  interrupt.o [8]
  .text            ro code        0x610    0x8  cpu.o [8]
  .text            ro code        0x618   0xf8  main.o [1]
  .text            ro code        0x710   0x38  zero_init3.o [10]
  .text            ro code        0x748   0x28  data_init.o [10]
  .text            ro code        0x770   0x22  fpinit_M.o [9]
  .iar.init_table  const          0x794   0x10  - Linker created -
  .text            ro code        0x7a4   0x1e  cmain.o [10]
  .text            ro code        0x7c2    0x4  low_level_init.o [7]
  .text            ro code        0x7c6    0x4  exit.o [7]
  .text            ro code        0x7cc    0xa  cexit.o [10]
  .text            ro code        0x7d8   0x14  exit.o [11]
  .text            ro code        0x7ec   0x1c  cstartup_M.o [10]
  .text            ro code        0x808   0x10  sysTick.o [4]
  .text            ro code        0x818    0xe  startup_ewarm.o [2]
  .rodata          const          0x826    0x0  zero_init3.o [10]
                                - 0x826  0x5ba

"P2", part 1 of 2:                         0x8
  .bss             zero     0x2000'0000    0x4  sysTick.o [4]
  .bss             zero     0x2000'0004    0x4  timer.o [5]
                          - 0x2000'0008    0x8

"P2", part 2 of 2:                       0x400
  .noinit          uninit   0x2000'0008  0x400  startup_ewarm.o [2]
                          - 0x2000'0408  0x400

Unused ranges:

         From           To      Size
         ----           --      ----
        0x826     0x3'ffff  0x3'f7da
  0x2000'0408  0x2000'7fff    0x7bf8


*******************************************************************************
*** INIT TABLE
***

          Address      Size
          -------      ----
Zero (__iar_zero_init3)
    1 destination range, total size 0x8:
          0x2000'0000   0x8



*******************************************************************************
*** MODULE SUMMARY
***

    Module            ro code  ro data  rw data
    ------            -------  -------  -------
command line/config:
    -------------------------------------------
    Total:

D:\ASU\4-Senior1\Fall 23\CSE211 Introduction to Embedded Systems\Project\Code\Debug\Obj: [1]
    main.o                248
    -------------------------------------------
    Total:                248

D:\ASU\4-Senior1\Fall 23\CSE211 Introduction to Embedded Systems\Project\Code\Debug\Obj\INC: [2]
    startup_ewarm.o        14      620    1'024
    -------------------------------------------
    Total:                 14      620    1'024

D:\ASU\4-Senior1\Fall 23\CSE211 Introduction to Embedded Systems\Project\Code\Debug\Obj\MCAL\GPIO: [3]
    gpio.o                454
    -------------------------------------------
    Total:                454

D:\ASU\4-Senior1\Fall 23\CSE211 Introduction to Embedded Systems\Project\Code\Debug\Obj\MCAL\SYSTICK: [4]
    sysTick.o              16                 4
    -------------------------------------------
    Total:                 16                 4

D:\ASU\4-Senior1\Fall 23\CSE211 Introduction to Embedded Systems\Project\Code\Debug\Obj\MCAL\TIMER: [5]
    timer.o               344                 4
    -------------------------------------------
    Total:                344                 4

D:\ASU\4-Senior1\Fall 23\CSE211 Introduction to Embedded Systems\Project\Code\Debug\Obj\MCAL\UART: [6]
    -------------------------------------------
    Total:

dl7M_tln.a: [7]
    exit.o                  4
    low_level_init.o        4
    -------------------------------------------
    Total:                  8

driverlib.a: [8]
    cpu.o                   8
    interrupt.o           132
    -------------------------------------------
    Total:                140

m7M_tls.a: [9]
    fpinit_M.o             34
    -------------------------------------------
    Total:                 34

rt7M_tl.a: [10]
    cexit.o                10
    cmain.o                30
    cstartup_M.o           28
    data_init.o            40
    zero_init3.o           56
    -------------------------------------------
    Total:                164

shb_l.a: [11]
    exit.o                 20
    -------------------------------------------
    Total:                 20

    Gaps                    6        2
    Linker created                  16
-----------------------------------------------
    Grand Total:        1'448      638    1'032


*******************************************************************************
*** ENTRY LIST
***

Entry                       Address   Size  Type      Object
-----                       -------   ----  ----      ------
.iar.init_table$$Base         0x794          --   Gb  - Linker created -
.iar.init_table$$Limit        0x7a4          --   Gb  - Linker created -
?main                         0x7a5         Code  Gb  cmain.o [10]
CPUcpsie                      0x611    0x8  Code  Gb  cpu.o [8]
FaultISR                      0x823    0x2  Code  Lc  startup_ewarm.o [2]
IntDefaultHandler             0x825    0x2  Code  Lc  startup_ewarm.o [2]
IntEnable                     0x59d   0x56  Code  Gb  interrupt.o [8]
IntMasterEnable               0x58d    0x8  Code  Gb  interrupt.o [8]
MCAL_GPIO_Init                0x26d   0x1c  Code  Gb  gpio.o [3]
MCAL_GPIO_Pin_Init            0x289  0x16a  Code  Gb  gpio.o [3]
MCAL_GPIO_TogglePin           0x425    0xe  Code  Gb  gpio.o [3]
MCAL_GPIO_WritePin            0x401   0x24  Code  Gb  gpio.o [3]
MCAL_TIMER_DelayMs            0x53b   0x24  Code  Gb  timer.o [5]
MCAL_TIMER_Disable            0x435   0x22  Code  Gb  timer.o [5]
MCAL_TIMER_Enable             0x457   0x22  Code  Gb  timer.o [5]
MCAL_TIMER_Init               0x479   0xc2  Code  Gb  timer.o [5]
NmiSR                         0x821    0x2  Code  Lc  startup_ewarm.o [2]
Region$$Table$$Base           0x794          --   Gb  - Linker created -
Region$$Table$$Limit          0x7a4          --   Gb  - Linker created -
ResetISR                      0x819    0x8  Code  Gb  startup_ewarm.o [2]
SysTick_Handler               0x809    0xa  Code  Gb  sysTick.o [4]
TIMER0A_Handler               0x55f   0x16  Code  Gb  timer.o [5]
__cmain                       0x7a5         Code  Gb  cmain.o [10]
__exit                        0x7d9   0x14  Code  Gb  exit.o [11]
__iar_data_init3              0x749   0x28  Code  Gb  data_init.o [10]
__iar_init_vfp                0x771         Code  Gb  fpinit_M.o [9]
__iar_program_start           0x7ed         Code  Gb  cstartup_M.o [10]
__iar_zero_init3              0x711   0x38  Code  Gb  zero_init3.o [10]
__low_level_init              0x7c3    0x4  Code  Gb  low_level_init.o [7]
__vector_table                  0x0  0x26c  Data  Gb  startup_ewarm.o [2]
_call_main                    0x7b1         Code  Gb  cmain.o [10]
_exit                         0x7cd         Code  Gb  cexit.o [10]
calbackFunction         0x2000'0000    0x4  Data  Gb  sysTick.o [4]
callbackFunc            0x2000'0004    0x4  Data  Gb  timer.o [5]
exit                          0x7c7    0x4  Code  Gb  exit.o [7]
g_pui32EnRegs                 0x5fc   0x14  Data  Lc  interrupt.o [8]
init                          0x66b   0x76  Code  Gb  main.o [1]
main                          0x625   0x46  Code  Gb  main.o [1]
pui32Stack              0x2000'0008  0x400  Data  Lc  startup_ewarm.o [2]
toggle                        0x619    0xc  Code  Gb  main.o [1]
turnOffAll                    0x6e1   0x22  Code  Gb  main.o [1]


[1] = D:\ASU\4-Senior1\Fall 23\CSE211 Introduction to Embedded Systems\Project\Code\Debug\Obj
[2] = D:\ASU\4-Senior1\Fall 23\CSE211 Introduction to Embedded Systems\Project\Code\Debug\Obj\INC
[3] = D:\ASU\4-Senior1\Fall 23\CSE211 Introduction to Embedded Systems\Project\Code\Debug\Obj\MCAL\GPIO
[4] = D:\ASU\4-Senior1\Fall 23\CSE211 Introduction to Embedded Systems\Project\Code\Debug\Obj\MCAL\SYSTICK
[5] = D:\ASU\4-Senior1\Fall 23\CSE211 Introduction to Embedded Systems\Project\Code\Debug\Obj\MCAL\TIMER
[6] = D:\ASU\4-Senior1\Fall 23\CSE211 Introduction to Embedded Systems\Project\Code\Debug\Obj\MCAL\UART
[7] = dl7M_tln.a
[8] = driverlib.a
[9] = m7M_tls.a
[10] = rt7M_tl.a
[11] = shb_l.a

  1'448 bytes of readonly  code memory
    638 bytes of readonly  data memory
  1'032 bytes of readwrite data memory

Errors: none
Warnings: 1
